[33mÔØ»[39m Building...
[32mÔ£ö[39m Building...
Application bundle generation failed. [10.294 seconds] - 2026-02-22T21:43:50.616Z

node.exe : 
[1m[33m[33mÔû▓ [4
3;33m[[43;30mWARNING
[43;33m][0m 
[1mNG8113: Applicati
onDetailComponent is 
not used within the 
template of Applicati
onsComponent[0m 
[1m[35m[plugin 
angular-compiler][0m
Au caractère Ligne:1 
: 1
+ & "C:\Program Files
\nodejs/node.exe" "C:
\Users\ycode\AppData\
Roaming\ ...
+ ~~~~~~~~~~~~~~~~~~~
~~~~~~~~~~~~~~~~~~~~~
~~~~~~~~~~~~~~~~~~~~~
~~~~~~~~
    + CategoryInfo   
           : NotSpe  
  cified: ([1m[3   
 3m[33mÔ...r-com    
piler][0m:Strin    
g) [], RemoteExc    
eption
    + FullyQualified 
   ErrorId : Native  
  CommandError
 

    src/app/features/
candidatures/candidat
ures.ts:14:57:
[37m      14 Ôöé 
...odule, 
FormsModule, 
RelativeTimePipe, [3
2mApplicationDetailCo
mponent[37m],
         ÔòÁ         
                     
            [32m~~~~
~~~~~~~~~~~~~~~~~~~~~
~[0m


[33mÔû▓ [43;33m[[4
3;30mWARNING[43;33m]
[0m [1mNG8113: Favo
riteCardComponent is 
not used within the 
template of Favorites
Component[0m 
[1m[35m[plugin 
angular-compiler][0m

    src/app/features/
favorites/favorites.t
s:14:53:
[37m      14 Ôöé 
... [CommonModule, 
RouterModule, 
FormsModule, [32mFav
oriteCardComponent[3
7m],
         ÔòÁ         
                     
                 [32
m~~~~~~~~~~~~~~~~~~~~
~[0m


[33mÔû▓ [43;33m[[4
3;30mWARNING[43;33m]
[0m [1mNG8113: JobS
earchFormComponent 
is not used within 
the template of 
JobsComponent[0m 
[1m[35m[plugin 
angular-compiler][0m

    src/app/features/
find-jobs/find-jobs.t
s:17:47:
[37m      17 Ôöé 
...orts: 
[CommonModule, 
ReactiveFormsModule, 
[32mJobSearchFormCom
ponent[37m],
         ÔòÁ         
                     
                [32m
~~~~~~~~~~~~~~~~~~~~~
~[0m

[39m[22m
[1m[31m[31mX [41;
31m[[41;97mERROR[41
;31m][0m 
[1mTS2345: Argument 
of type 'Date | 
undefined' is not 
assignable to 
parameter of type 
'Date'.
  Type 'undefined' 
is not assignable to 
type 'Date'.[0m 
[1m[35m[plugin 
angular-compiler][0m

    src/app/features/
candidatures/candidat
ures.html:213:57:
[37m      213 Ôöé 
...           {{ form
atDate(selectedApplic
ation()!.[32mintervi
ewDate[37m) }}
          ÔòÁ        
                     
                     
  [32m~~~~~~~~~~~~~
[0m

  Error occurs in 
the template of 
component Application
sComponent.

    src/app/features/
candidatures/candidat
ures.ts:15:15:
[37m      15 Ôöé   
templateUrl: [32m'./
candidatures.html'[3
7m,
         ÔòÁ         
       [32m~~~~~~~~~
~~~~~~~~~~~~[0m

[39m[22m
